// Jest Snapshot v1, https://goo.gl/fbAQLP

exports[`Header Component should render header component 1`] = `
"<div id="header">
    <h3>Web Component Sandbox</h3>
</div>"
`;
