// Jest Snapshot v1, https://goo.gl/fbAQLP

exports[`App Component should render app component 1`] = `
"<h-header></h-header>
<h-todo-list></h-todo-list>
<h-footer id="footer"></h-footer>"
`;
